exports[`Storyshots List Crossings List Crossings 1`] = `
<div>
  Loading
</div>
`;

exports[`Storyshots List Users List Users 1`] = `
<div>
  Loading
</div>
`;
